<?xml version="1.0" encoding="utf-8"?>
<CoolpixFavorite>
    <header>
	<version>1.0</version>
	<creator>NIKON</creator>
	<modelname>COOLPIX S33</modelname>
	<datetime>20170928 19:22:49</datetime>
	<firmversion>1.03</firmversion>
    </header>
    <marking version="1.0">
	<folderlist>
		<folder>
			<foldername>1</foldername>
			<total>003</total>
			<firstimage>../dcim/170NIKON/DSCN1271.JPG</firstimage>
			<iconcolor>0</iconcolor>
			<iconname>0</iconname>
		</folder>
		<folder>
			<foldername>2</foldername>
			<total>024</total>
			<firstimage>../dcim/182NIKON/DSCN1373.JPG</firstimage>
			<iconcolor>0</iconcolor>
			<iconname>0</iconname>
		</folder>
	</folderlist>
	<filelist>
		<file>
			<fileid>11142391</fileid>
			<path>../dcim/170NIKON/DSCN1271.JPG</path>
			<folderset>1</folderset>
		</file>
		<file>
			<fileid>11142392</fileid>
			<path>../dcim/170NIKON/FSCN1272.JPG</path>
			<folderset>1</folderset>
		</file>
		<file>
			<fileid>11470094</fileid>
			<path>../dcim/175NIKON/DSCN1294.JPG</path>
			<folderset>1</folderset>
		</file>
		<file>
			<fileid>11928925</fileid>
			<path>../dcim/182NIKON/DSCN1373.JPG</path>
			<folderset>2</folderset>
		</file>
		<file>
			<fileid>11928921</fileid>
			<path>../dcim/182NIKON/DSCN1369.JPG</path>
			<folderset>2</folderset>
		</file>
		<file>
			<fileid>11928919</fileid>
			<path>../dcim/182NIKON/DSCN1367.JPG</path>
			<folderset>2</folderset>
		</file>
		<file>
			<fileid>11928920</fileid>
			<path>../dcim/182NIKON/DSCN1368.JPG</path>
			<folderset>2</folderset>
		</file>
		<file>
			<fileid>11928918</fileid>
			<path>../dcim/182NIKON/DSCN1366.JPG</path>
			<folderset>2</folderset>
		</file>
		<file>
			<fileid>11928915</fileid>
			<path>../dcim/182NIKON/DSCN1363.JPG</path>
			<folderset>2</folderset>
		</file>
		<file>
			<fileid>11928912</fileid>
			<path>../dcim/182NIKON/DSCN1360.JPG</path>
			<folderset>2</folderset>
		</file>
		<file>
			<fileid>11928908</fileid>
			<path>../dcim/182NIKON/DSCN1356.JPG</path>
			<folderset>2</folderset>
		</file>
		<file>
			<fileid>11928907</fileid>
			<path>../dcim/182NIKON/DSCN1355.JPG</path>
			<folderset>2</folderset>
		</file>
		<file>
			<fileid>11928906</fileid>
			<path>../dcim/182NIKON/DSCN1354.JPG</path>
			<folderset>2</folderset>
		</file>
		<file>
			<fileid>11928905</fileid>
			<path>../dcim/182NIKON/DSCN1353.JPG</path>
			<folderset>2</folderset>
		</file>
		<file>
			<fileid>11928904</fileid>
			<path>../dcim/182NIKON/DSCN1352.JPG</path>
			<folderset>2</folderset>
		</file>
		<file>
			<fileid>11928903</fileid>
			<path>../dcim/182NIKON/DSCN1351.JPG</path>
			<folderset>2</folderset>
		</file>
		<file>
			<fileid>11928902</fileid>
			<path>../dcim/182NIKON/DSCN1350.JPG</path>
			<folderset>2</folderset>
		</file>
		<file>
			<fileid>11928901</fileid>
			<path>../dcim/182NIKON/DSCN1349.JPG</path>
			<folderset>2</folderset>
		</file>
		<file>
			<fileid>11928900</fileid>
			<path>../dcim/182NIKON/DSCN1348.JPG</path>
			<folderset>2</folderset>
		</file>
		<file>
			<fileid>11928899</fileid>
			<path>../dcim/182NIKON/DSCN1347.JPG</path>
			<folderset>2</folderset>
		</file>
		<file>
			<fileid>11928898</fileid>
			<path>../dcim/182NIKON/DSCN1346.JPG</path>
			<folderset>2</folderset>
		</file>
		<file>
			<fileid>11928882</fileid>
			<path>../dcim/182NIKON/DSCN1330.JPG</path>
			<folderset>2</folderset>
		</file>
		<file>
			<fileid>11928881</fileid>
			<path>../dcim/182NIKON/DSCN1329.JPG</path>
			<folderset>2</folderset>
		</file>
		<file>
			<fileid>11928933</fileid>
			<path>../dcim/182NIKON/DSCN1381.JPG</path>
			<folderset>2</folderset>
		</file>
		<file>
			<fileid>11928932</fileid>
			<path>../dcim/182NIKON/DSCN1380.JPG</path>
			<folderset>2</folderset>
		</file>
		<file>
			<fileid>11928931</fileid>
			<path>../dcim/182NIKON/DSCN1379.JPG</path>
			<folderset>2</folderset>
		</file>
		<file>
			<fileid>11928940</fileid>
			<path>../dcim/182NIKON/DSCN1388.JPG</path>
			<folderset>2</folderset>
		</file>
	</filelist>
    </marking>
</CoolpixFavorite>
